// Jest Snapshot v1, https://goo.gl/fbAQLP

exports[`App should match its empty snapshot 1`] = `
<styled.div>
  <h1>
    Hello World ðŸ“¦ ðŸš€
  </h1>
</styled.div>
`;